? == 784
1,S,? == 1
1,A,? == 3
1,A,margin == 23px 0 1px
5,A,display == inline-block
.ms-Label.is-required:after,E,content == " *"
8,A,padding == 8px
display,A,? == 175
color,A,? == 215
font-family,A,? == 42
font-size,A,? == 127
box,A,? == 0
box-sizing,A,? == 42
margin,A,? == 49
h1,S,? == 0
width,A,? == 91
margin,A,? == 49
211,S,? == 1
211,A,? == 2
-webkit-transform,A,? == 0
-ms-transform,A,? == 0
transform,A,? == 11
background-color,A,? == 164
border-color,A,? == 48
border-radius,A,? == 14
border,A,? == 57
box-shadow,A,? == 33
box-sizing,A,? == 42
color,A,? == 215
content,A,? == 37
cursor,A,? == 69
display,A,? == 175
font-family,A,? == 42
font-size,A,? == 127
font-weight,A,? == 77
height,A,? == 120
left,A,? == 56
line-height,A,? == 59
list-style-type,A,? == 6
margin-bottom,A,? == 28
margin-left,A,? == 14
margin-right,A,? == 21
margin-top,A,? == 17
margin,A,? == 49
max-width,A,? == 19
min-height,A,? == 11
min-width,A,? == 16
outline,A,? == 45
overflow,A,? == 24
padding,A,? == 86
position,A,? == 161
text-align,A,? == 33
text-decoration,A,? == 4
text-overflow,A,? == 12
top,A,? == 82
vertical-align,A,? == 31
white-space,A,? == 20
width,A,? == 91
z-index,A,? == 37
.ms-Button-icon,S,? == 1
.ms-Button-label,S,? == 1
.ms-Button,S,? == 1
.ms-Button + .ms-Button,S,? == 0
.ms-Button.is-disabled .ms-Button-label,S,? == 1
.ms-Button.is-disabled,S,? == 1
h5,S,? == 0
